[2024-04-02T19:48:42.203+0800][gc] Using G1
[2024-04-02T19:48:42.204+0800][gc,init] Version: 17.0.10+7-LTS (release)
[2024-04-02T19:48:42.204+0800][gc,init] CPUs: 8 total, 8 available
[2024-04-02T19:48:42.204+0800][gc,init] Memory: 16384M
[2024-04-02T19:48:42.204+0800][gc,init] Large Page Support: Disabled
[2024-04-02T19:48:42.204+0800][gc,init] NUMA Support: Disabled
[2024-04-02T19:48:42.204+0800][gc,init] Compressed Oops: Enabled (Zero based)
[2024-04-02T19:48:42.204+0800][gc,init] Heap Region Size: 1M
[2024-04-02T19:48:42.204+0800][gc,init] Heap Min Capacity: 512M
[2024-04-02T19:48:42.204+0800][gc,init] Heap Initial Capacity: 512M
[2024-04-02T19:48:42.204+0800][gc,init] Heap Max Capacity: 512M
[2024-04-02T19:48:42.204+0800][gc,init] Pre-touch: Disabled
[2024-04-02T19:48:42.204+0800][gc,init] Parallel Workers: 8
[2024-04-02T19:48:42.204+0800][gc,init] Concurrent Workers: 2
[2024-04-02T19:48:42.204+0800][gc,init] Concurrent Refinement Workers: 8
[2024-04-02T19:48:42.204+0800][gc,init] Periodic GC: Disabled
[2024-04-02T19:48:42.208+0800][gc,metaspace] CDS archive(s) mapped at: [0x000000d000000000-0x000000d000bc0000-0x000000d000bc0000), size 12320768, SharedBaseAddress: 0x000000d000000000, ArchiveRelocationMode: 1.
[2024-04-02T19:48:42.208+0800][gc,metaspace] Compressed class space mapped at: 0x000000d001000000-0x000000d041000000, reserved size: 1073741824
[2024-04-02T19:48:42.208+0800][gc,metaspace] Narrow klass base: 0x000000d000000000, Narrow klass shift: 0, Narrow klass range: 0x100000000
[2024-04-02T19:48:43.126+0800][gc,start    ] GC(0) Pause Young (Normal) (G1 Evacuation Pause)
[2024-04-02T19:48:43.126+0800][gc,task     ] GC(0) Using 8 workers of 8 for evacuation
[2024-04-02T19:48:43.131+0800][gc,phases   ] GC(0)   Pre Evacuate Collection Set: 0.1ms
[2024-04-02T19:48:43.131+0800][gc,phases   ] GC(0)   Merge Heap Roots: 0.1ms
[2024-04-02T19:48:43.131+0800][gc,phases   ] GC(0)   Evacuate Collection Set: 4.0ms
[2024-04-02T19:48:43.131+0800][gc,phases   ] GC(0)   Post Evacuate Collection Set: 0.4ms
[2024-04-02T19:48:43.131+0800][gc,phases   ] GC(0)   Other: 0.5ms
[2024-04-02T19:48:43.131+0800][gc,heap     ] GC(0) Eden regions: 256->0(248)
[2024-04-02T19:48:43.131+0800][gc,heap     ] GC(0) Survivor regions: 0->8(32)
[2024-04-02T19:48:43.131+0800][gc,heap     ] GC(0) Old regions: 0->0
[2024-04-02T19:48:43.131+0800][gc,heap     ] GC(0) Archive regions: 2->2
[2024-04-02T19:48:43.131+0800][gc,heap     ] GC(0) Humongous regions: 0->0
[2024-04-02T19:48:43.131+0800][gc,metaspace] GC(0) Metaspace: 17725K(17920K)->17725K(17920K) NonClass: 15519K(15616K)->15519K(15616K) Class: 2205K(2304K)->2205K(2304K)
[2024-04-02T19:48:43.131+0800][gc          ] GC(0) Pause Young (Normal) (G1 Evacuation Pause) 256M->8M(512M) 5.402ms
[2024-04-02T19:48:43.131+0800][gc,cpu      ] GC(0) User=0.02s Sys=0.00s Real=0.01s
[2024-04-02T19:48:43.589+0800][gc,start    ] GC(1) Pause Young (Concurrent Start) (Metadata GC Threshold)
[2024-04-02T19:48:43.589+0800][gc,task     ] GC(1) Using 8 workers of 8 for evacuation
[2024-04-02T19:48:43.594+0800][gc,phases   ] GC(1)   Pre Evacuate Collection Set: 0.1ms
[2024-04-02T19:48:43.595+0800][gc,phases   ] GC(1)   Merge Heap Roots: 0.1ms
[2024-04-02T19:48:43.595+0800][gc,phases   ] GC(1)   Evacuate Collection Set: 5.2ms
[2024-04-02T19:48:43.595+0800][gc,phases   ] GC(1)   Post Evacuate Collection Set: 0.5ms
[2024-04-02T19:48:43.595+0800][gc,phases   ] GC(1)   Other: 0.1ms
[2024-04-02T19:48:43.595+0800][gc,heap     ] GC(1) Eden regions: 136->0(244)
[2024-04-02T19:48:43.595+0800][gc,heap     ] GC(1) Survivor regions: 8->12(32)
[2024-04-02T19:48:43.595+0800][gc,heap     ] GC(1) Old regions: 0->0
[2024-04-02T19:48:43.595+0800][gc,heap     ] GC(1) Archive regions: 2->2
[2024-04-02T19:48:43.595+0800][gc,heap     ] GC(1) Humongous regions: 0->0
[2024-04-02T19:48:43.595+0800][gc,metaspace] GC(1) Metaspace: 21263K(21504K)->21263K(21504K) NonClass: 18650K(18752K)->18650K(18752K) Class: 2612K(2752K)->2612K(2752K)
[2024-04-02T19:48:43.595+0800][gc          ] GC(1) Pause Young (Concurrent Start) (Metadata GC Threshold) 144M->12M(512M) 6.048ms
[2024-04-02T19:48:43.595+0800][gc,cpu      ] GC(1) User=0.02s Sys=0.00s Real=0.01s
[2024-04-02T19:48:43.595+0800][gc          ] GC(2) Concurrent Mark Cycle
[2024-04-02T19:48:43.595+0800][gc,marking  ] GC(2) Concurrent Clear Claimed Marks
[2024-04-02T19:48:43.595+0800][gc,marking  ] GC(2) Concurrent Clear Claimed Marks 0.021ms
[2024-04-02T19:48:43.595+0800][gc,marking  ] GC(2) Concurrent Scan Root Regions
[2024-04-02T19:48:43.598+0800][gc,marking  ] GC(2) Concurrent Scan Root Regions 3.498ms
[2024-04-02T19:48:43.599+0800][gc,marking  ] GC(2) Concurrent Mark
[2024-04-02T19:48:43.599+0800][gc,marking  ] GC(2) Concurrent Mark From Roots
[2024-04-02T19:48:43.599+0800][gc,task     ] GC(2) Using 2 workers of 2 for marking
[2024-04-02T19:48:43.600+0800][gc,marking  ] GC(2) Concurrent Mark From Roots 0.937ms
[2024-04-02T19:48:43.600+0800][gc,marking  ] GC(2) Concurrent Preclean
[2024-04-02T19:48:43.600+0800][gc,marking  ] GC(2) Concurrent Preclean 0.019ms
[2024-04-02T19:48:43.601+0800][gc,start    ] GC(2) Pause Remark
[2024-04-02T19:48:43.602+0800][gc          ] GC(2) Pause Remark 13M->13M(512M) 1.214ms
[2024-04-02T19:48:43.602+0800][gc,cpu      ] GC(2) User=0.01s Sys=0.00s Real=0.00s
[2024-04-02T19:48:43.602+0800][gc,marking  ] GC(2) Concurrent Mark 3.637ms
[2024-04-02T19:48:43.602+0800][gc,marking  ] GC(2) Concurrent Rebuild Remembered Sets
[2024-04-02T19:48:43.602+0800][gc,marking  ] GC(2) Concurrent Rebuild Remembered Sets 0.143ms
[2024-04-02T19:48:43.602+0800][gc,start    ] GC(2) Pause Cleanup
[2024-04-02T19:48:43.602+0800][gc          ] GC(2) Pause Cleanup 13M->13M(512M) 0.017ms
[2024-04-02T19:48:43.602+0800][gc,cpu      ] GC(2) User=0.00s Sys=0.00s Real=0.00s
[2024-04-02T19:48:43.602+0800][gc,marking  ] GC(2) Concurrent Cleanup for Next Mark
[2024-04-02T19:48:43.604+0800][gc,marking  ] GC(2) Concurrent Cleanup for Next Mark 1.179ms
[2024-04-02T19:48:43.604+0800][gc          ] GC(2) Concurrent Mark Cycle 8.913ms
[2024-04-02T19:48:44.013+0800][gc,start    ] GC(3) Pause Young (Normal) (G1 Evacuation Pause)
[2024-04-02T19:48:44.013+0800][gc,task     ] GC(3) Using 8 workers of 8 for evacuation
[2024-04-02T19:48:44.018+0800][gc,phases   ] GC(3)   Pre Evacuate Collection Set: 0.1ms
[2024-04-02T19:48:44.018+0800][gc,phases   ] GC(3)   Merge Heap Roots: 0.0ms
[2024-04-02T19:48:44.018+0800][gc,phases   ] GC(3)   Evacuate Collection Set: 4.3ms
[2024-04-02T19:48:44.018+0800][gc,phases   ] GC(3)   Post Evacuate Collection Set: 0.5ms
[2024-04-02T19:48:44.018+0800][gc,phases   ] GC(3)   Other: 0.1ms
[2024-04-02T19:48:44.018+0800][gc,heap     ] GC(3) Eden regions: 244->0(241)
[2024-04-02T19:48:44.018+0800][gc,heap     ] GC(3) Survivor regions: 12->15(32)
[2024-04-02T19:48:44.018+0800][gc,heap     ] GC(3) Old regions: 0->0
[2024-04-02T19:48:44.018+0800][gc,heap     ] GC(3) Archive regions: 2->2
[2024-04-02T19:48:44.018+0800][gc,heap     ] GC(3) Humongous regions: 0->0
[2024-04-02T19:48:44.018+0800][gc,metaspace] GC(3) Metaspace: 24398K(24704K)->24398K(24704K) NonClass: 21340K(21504K)->21340K(21504K) Class: 3057K(3200K)->3057K(3200K)
[2024-04-02T19:48:44.018+0800][gc          ] GC(3) Pause Young (Normal) (G1 Evacuation Pause) 256M->15M(512M) 5.106ms
[2024-04-02T19:48:44.018+0800][gc,cpu      ] GC(3) User=0.02s Sys=0.00s Real=0.00s
[2024-04-02T19:48:44.732+0800][gc,start    ] GC(4) Pause Young (Concurrent Start) (Metadata GC Threshold)
[2024-04-02T19:48:44.732+0800][gc,task     ] GC(4) Using 8 workers of 8 for evacuation
[2024-04-02T19:48:44.741+0800][gc,phases   ] GC(4)   Pre Evacuate Collection Set: 0.1ms
[2024-04-02T19:48:44.741+0800][gc,phases   ] GC(4)   Merge Heap Roots: 0.0ms
[2024-04-02T19:48:44.741+0800][gc,phases   ] GC(4)   Evacuate Collection Set: 8.3ms
[2024-04-02T19:48:44.741+0800][gc,phases   ] GC(4)   Post Evacuate Collection Set: 0.6ms
[2024-04-02T19:48:44.741+0800][gc,phases   ] GC(4)   Other: 0.1ms
[2024-04-02T19:48:44.741+0800][gc,heap     ] GC(4) Eden regions: 221->0(234)
[2024-04-02T19:48:44.741+0800][gc,heap     ] GC(4) Survivor regions: 15->22(32)
[2024-04-02T19:48:44.741+0800][gc,heap     ] GC(4) Old regions: 0->0
[2024-04-02T19:48:44.741+0800][gc,heap     ] GC(4) Archive regions: 2->2
[2024-04-02T19:48:44.741+0800][gc,heap     ] GC(4) Humongous regions: 0->0
[2024-04-02T19:48:44.741+0800][gc,metaspace] GC(4) Metaspace: 35665K(35968K)->35665K(35968K) NonClass: 31175K(31360K)->31175K(31360K) Class: 4490K(4608K)->4490K(4608K)
[2024-04-02T19:48:44.741+0800][gc          ] GC(4) Pause Young (Concurrent Start) (Metadata GC Threshold) 236M->22M(512M) 9.266ms
[2024-04-02T19:48:44.741+0800][gc,cpu      ] GC(4) User=0.05s Sys=0.00s Real=0.01s
[2024-04-02T19:48:44.741+0800][gc          ] GC(5) Concurrent Mark Cycle
[2024-04-02T19:48:44.741+0800][gc,marking  ] GC(5) Concurrent Clear Claimed Marks
[2024-04-02T19:48:44.741+0800][gc,marking  ] GC(5) Concurrent Clear Claimed Marks 0.028ms
[2024-04-02T19:48:44.741+0800][gc,marking  ] GC(5) Concurrent Scan Root Regions
[2024-04-02T19:48:44.745+0800][gc,marking  ] GC(5) Concurrent Scan Root Regions 4.460ms
[2024-04-02T19:48:44.745+0800][gc,marking  ] GC(5) Concurrent Mark
[2024-04-02T19:48:44.745+0800][gc,marking  ] GC(5) Concurrent Mark From Roots
[2024-04-02T19:48:44.745+0800][gc,task     ] GC(5) Using 2 workers of 2 for marking
[2024-04-02T19:48:44.746+0800][gc,marking  ] GC(5) Concurrent Mark From Roots 0.798ms
[2024-04-02T19:48:44.746+0800][gc,marking  ] GC(5) Concurrent Preclean
[2024-04-02T19:48:44.746+0800][gc,marking  ] GC(5) Concurrent Preclean 0.015ms
[2024-04-02T19:48:44.746+0800][gc,start    ] GC(5) Pause Remark
[2024-04-02T19:48:44.748+0800][gc          ] GC(5) Pause Remark 23M->23M(512M) 1.201ms
[2024-04-02T19:48:44.748+0800][gc,cpu      ] GC(5) User=0.01s Sys=0.00s Real=0.00s
[2024-04-02T19:48:44.748+0800][gc,marking  ] GC(5) Concurrent Mark 2.150ms
[2024-04-02T19:48:44.748+0800][gc,marking  ] GC(5) Concurrent Rebuild Remembered Sets
[2024-04-02T19:48:44.748+0800][gc,marking  ] GC(5) Concurrent Rebuild Remembered Sets 0.006ms
[2024-04-02T19:48:44.748+0800][gc,start    ] GC(5) Pause Cleanup
[2024-04-02T19:48:44.748+0800][gc          ] GC(5) Pause Cleanup 23M->23M(512M) 0.009ms
[2024-04-02T19:48:44.748+0800][gc,cpu      ] GC(5) User=0.00s Sys=0.00s Real=0.00s
[2024-04-02T19:48:44.748+0800][gc,marking  ] GC(5) Concurrent Cleanup for Next Mark
[2024-04-02T19:48:44.749+0800][gc,marking  ] GC(5) Concurrent Cleanup for Next Mark 1.189ms
[2024-04-02T19:48:44.749+0800][gc          ] GC(5) Concurrent Mark Cycle 8.019ms
[2024-04-02T19:48:45.729+0800][gc,start    ] GC(6) Pause Young (Normal) (G1 Evacuation Pause)
[2024-04-02T19:48:45.729+0800][gc,task     ] GC(6) Using 8 workers of 8 for evacuation
[2024-04-02T19:48:45.741+0800][gc,phases   ] GC(6)   Pre Evacuate Collection Set: 0.1ms
[2024-04-02T19:48:45.741+0800][gc,phases   ] GC(6)   Merge Heap Roots: 0.1ms
[2024-04-02T19:48:45.741+0800][gc,phases   ] GC(6)   Evacuate Collection Set: 11.2ms
[2024-04-02T19:48:45.741+0800][gc,phases   ] GC(6)   Post Evacuate Collection Set: 1.2ms
[2024-04-02T19:48:45.741+0800][gc,phases   ] GC(6)   Other: 0.1ms
[2024-04-02T19:48:45.741+0800][gc,heap     ] GC(6) Eden regions: 234->0(232)
[2024-04-02T19:48:45.741+0800][gc,heap     ] GC(6) Survivor regions: 22->24(32)
[2024-04-02T19:48:45.741+0800][gc,heap     ] GC(6) Old regions: 0->7
[2024-04-02T19:48:45.741+0800][gc,heap     ] GC(6) Archive regions: 2->2
[2024-04-02T19:48:45.741+0800][gc,heap     ] GC(6) Humongous regions: 0->0
[2024-04-02T19:48:45.741+0800][gc,metaspace] GC(6) Metaspace: 52550K(53056K)->52550K(53056K) NonClass: 46138K(46400K)->46138K(46400K) Class: 6412K(6656K)->6412K(6656K)
[2024-04-02T19:48:45.741+0800][gc          ] GC(6) Pause Young (Normal) (G1 Evacuation Pause) 256M->31M(512M) 12.692ms
[2024-04-02T19:48:45.741+0800][gc,cpu      ] GC(6) User=0.07s Sys=0.00s Real=0.02s
[2024-04-02T19:48:46.306+0800][gc,start    ] GC(7) Pause Young (Concurrent Start) (Metadata GC Threshold)
[2024-04-02T19:48:46.306+0800][gc,task     ] GC(7) Using 8 workers of 8 for evacuation
[2024-04-02T19:48:46.314+0800][gc,phases   ] GC(7)   Pre Evacuate Collection Set: 0.1ms
[2024-04-02T19:48:46.314+0800][gc,phases   ] GC(7)   Merge Heap Roots: 0.1ms
[2024-04-02T19:48:46.314+0800][gc,phases   ] GC(7)   Evacuate Collection Set: 6.9ms
[2024-04-02T19:48:46.314+0800][gc,phases   ] GC(7)   Post Evacuate Collection Set: 0.6ms
[2024-04-02T19:48:46.314+0800][gc,phases   ] GC(7)   Other: 0.1ms
[2024-04-02T19:48:46.314+0800][gc,heap     ] GC(7) Eden regions: 193->0(240)
[2024-04-02T19:48:46.314+0800][gc,heap     ] GC(7) Survivor regions: 24->16(32)
[2024-04-02T19:48:46.314+0800][gc,heap     ] GC(7) Old regions: 7->17
[2024-04-02T19:48:46.314+0800][gc,heap     ] GC(7) Archive regions: 2->2
[2024-04-02T19:48:46.314+0800][gc,heap     ] GC(7) Humongous regions: 0->0
[2024-04-02T19:48:46.314+0800][gc,metaspace] GC(7) Metaspace: 60022K(60480K)->60022K(60480K) NonClass: 52554K(52800K)->52554K(52800K) Class: 7468K(7680K)->7468K(7680K)
[2024-04-02T19:48:46.314+0800][gc          ] GC(7) Pause Young (Concurrent Start) (Metadata GC Threshold) 224M->32M(512M) 7.931ms
[2024-04-02T19:48:46.314+0800][gc,cpu      ] GC(7) User=0.05s Sys=0.00s Real=0.01s
[2024-04-02T19:48:46.314+0800][gc          ] GC(8) Concurrent Mark Cycle
[2024-04-02T19:48:46.314+0800][gc,marking  ] GC(8) Concurrent Clear Claimed Marks
[2024-04-02T19:48:46.314+0800][gc,marking  ] GC(8) Concurrent Clear Claimed Marks 0.049ms
[2024-04-02T19:48:46.314+0800][gc,marking  ] GC(8) Concurrent Scan Root Regions
[2024-04-02T19:48:46.321+0800][gc,marking  ] GC(8) Concurrent Scan Root Regions 6.981ms
[2024-04-02T19:48:46.321+0800][gc,marking  ] GC(8) Concurrent Mark
[2024-04-02T19:48:46.321+0800][gc,marking  ] GC(8) Concurrent Mark From Roots
[2024-04-02T19:48:46.321+0800][gc,task     ] GC(8) Using 2 workers of 2 for marking
[2024-04-02T19:48:46.325+0800][gc,marking  ] GC(8) Concurrent Mark From Roots 3.569ms
[2024-04-02T19:48:46.325+0800][gc,marking  ] GC(8) Concurrent Preclean
[2024-04-02T19:48:46.325+0800][gc,marking  ] GC(8) Concurrent Preclean 0.044ms
[2024-04-02T19:48:46.325+0800][gc,start    ] GC(8) Pause Remark
[2024-04-02T19:48:46.327+0800][gc          ] GC(8) Pause Remark 35M->35M(512M) 1.609ms
[2024-04-02T19:48:46.327+0800][gc,cpu      ] GC(8) User=0.01s Sys=0.00s Real=0.00s
[2024-04-02T19:48:46.327+0800][gc,marking  ] GC(8) Concurrent Mark 5.426ms
[2024-04-02T19:48:46.327+0800][gc,marking  ] GC(8) Concurrent Rebuild Remembered Sets
[2024-04-02T19:48:46.331+0800][gc,marking  ] GC(8) Concurrent Rebuild Remembered Sets 4.574ms
[2024-04-02T19:48:46.331+0800][gc,start    ] GC(8) Pause Cleanup
[2024-04-02T19:48:46.332+0800][gc          ] GC(8) Pause Cleanup 37M->37M(512M) 0.070ms
[2024-04-02T19:48:46.332+0800][gc,cpu      ] GC(8) User=0.00s Sys=0.00s Real=0.00s
[2024-04-02T19:48:46.332+0800][gc,marking  ] GC(8) Concurrent Cleanup for Next Mark
[2024-04-02T19:48:46.332+0800][gc,marking  ] GC(8) Concurrent Cleanup for Next Mark 0.468ms
[2024-04-02T19:48:46.332+0800][gc          ] GC(8) Concurrent Mark Cycle 17.810ms
[2024-04-02T20:15:02.747+0800][gc,start    ] GC(9) Pause Young (Normal) (G1 Evacuation Pause)
[2024-04-02T20:15:02.748+0800][gc,task     ] GC(9) Using 8 workers of 8 for evacuation
[2024-04-02T20:15:02.796+0800][gc,phases   ] GC(9)   Pre Evacuate Collection Set: 0.6ms
[2024-04-02T20:15:02.796+0800][gc,phases   ] GC(9)   Merge Heap Roots: 0.2ms
[2024-04-02T20:15:02.796+0800][gc,phases   ] GC(9)   Evacuate Collection Set: 45.6ms
[2024-04-02T20:15:02.796+0800][gc,phases   ] GC(9)   Post Evacuate Collection Set: 1.1ms
[2024-04-02T20:15:02.796+0800][gc,phases   ] GC(9)   Other: 1.1ms
[2024-04-02T20:15:02.796+0800][gc,heap     ] GC(9) Eden regions: 240->0(237)
[2024-04-02T20:15:02.796+0800][gc,heap     ] GC(9) Survivor regions: 16->19(32)
[2024-04-02T20:15:02.796+0800][gc,heap     ] GC(9) Old regions: 17->17
[2024-04-02T20:15:02.796+0800][gc,heap     ] GC(9) Archive regions: 2->2
[2024-04-02T20:15:02.796+0800][gc,heap     ] GC(9) Humongous regions: 12->12
[2024-04-02T20:15:02.796+0800][gc,metaspace] GC(9) Metaspace: 67797K(68480K)->67797K(68480K) NonClass: 59762K(60096K)->59762K(60096K) Class: 8034K(8384K)->8034K(8384K)
[2024-04-02T20:15:02.796+0800][gc          ] GC(9) Pause Young (Normal) (G1 Evacuation Pause) 284M->48M(512M) 48.811ms
[2024-04-02T20:15:02.796+0800][gc,cpu      ] GC(9) User=0.07s Sys=0.10s Real=0.05s
[2024-04-02T20:52:35.243+0800][gc,start    ] GC(10) Pause Young (Normal) (G1 Evacuation Pause)
[2024-04-02T20:52:35.244+0800][gc,task     ] GC(10) Using 8 workers of 8 for evacuation
[2024-04-02T20:52:35.276+0800][gc,phases   ] GC(10)   Pre Evacuate Collection Set: 0.6ms
[2024-04-02T20:52:35.276+0800][gc,phases   ] GC(10)   Merge Heap Roots: 0.1ms
[2024-04-02T20:52:35.276+0800][gc,phases   ] GC(10)   Evacuate Collection Set: 30.4ms
[2024-04-02T20:52:35.276+0800][gc,phases   ] GC(10)   Post Evacuate Collection Set: 1.3ms
[2024-04-02T20:52:35.277+0800][gc,phases   ] GC(10)   Other: 1.2ms
[2024-04-02T20:52:35.277+0800][gc,heap     ] GC(10) Eden regions: 237->0(246)
[2024-04-02T20:52:35.277+0800][gc,heap     ] GC(10) Survivor regions: 19->10(32)
[2024-04-02T20:52:35.277+0800][gc,heap     ] GC(10) Old regions: 17->26
[2024-04-02T20:52:35.277+0800][gc,heap     ] GC(10) Archive regions: 2->2
[2024-04-02T20:52:35.277+0800][gc,heap     ] GC(10) Humongous regions: 12->12
[2024-04-02T20:52:35.277+0800][gc,metaspace] GC(10) Metaspace: 68414K(69056K)->68414K(69056K) NonClass: 60376K(60672K)->60376K(60672K) Class: 8038K(8384K)->8038K(8384K)
[2024-04-02T20:52:35.277+0800][gc          ] GC(10) Pause Young (Normal) (G1 Evacuation Pause) 285M->48M(512M) 33.649ms
[2024-04-02T20:52:35.277+0800][gc,cpu      ] GC(10) User=0.06s Sys=0.05s Real=0.03s
